[21:58:44] [main/INFO] (Launcher) ModLauncher running: args [--launchTarget, forgeclientdev, --version, 21.1.209, --assetIndex, 1.21.1-17, --assetsDir, /home/satherov/.gradle/caches/fabric-loom/assets, --gameDir, ., --fml.fmlVersion, 4.0.41, --fml.mcVersion, 1.21.1, --fml.neoForgeVersion, 21.1.209, --fml.neoFormVersion, 20240808.144430]
[21:58:44] [main/INFO] (Launcher) JVM identified as Oracle Corporation OpenJDK 64-Bit Server VM 24.0.2+12-54
[21:58:44] [main/INFO] (Launcher) ModLauncher 11.0.5+main.901c6ea8 starting: java version 24.0.2 by Oracle Corporation; OS Linux arch amd64 version 6.16.8-2-cachyos
[21:58:44] [main/INFO] (ImmediateWindowHandler) Loading ImmediateWindowProvider fmlearlywindow
[21:58:44] [main/INFO] (EARLYDISPLAY) Trying GL version 4.6
[21:58:44] [main/INFO] (EARLYDISPLAY) Requested GL version 4.6 got version 4.6
[21:58:44] [main/INFO] (mixin) SpongePowered MIXIN Subsystem Version=0.8.7 Source=union:/home/satherov/.gradle/caches/modules-2/files-2.1/net.fabricmc/sponge-mixin/0.15.2+mixin.0.8.7/2af2f021d8e02a0220dc27a7a72b4666d66d44ca/sponge-mixin-0.15.2+mixin.0.8.7.jar%23109!/ Service=ModLauncher Env=CLIENT
[21:58:44] [pool-5-thread-1/INFO] (EARLYDISPLAY) GL info: AMD Radeon RX 7900 XTX (radeonsi, navi31, LLVM 20.1.8, DRM 3.64, 6.16.8-2-cachyos) GL version 4.6 (Core Profile) Mesa 25.2.3-cachyos1.3, AMD
[21:58:44] [main/INFO] (ModDiscoverer) Found mod file "neoforge-21.1.209-minecraft-merged-1.21.1-loom.mappings.1_21_1.layered+hash.40359-v2-neoforge-21.1.209.jar" [locator: neoforge devenv provider ([/home/satherov/.gradle/caches/fabric-loom/minecraftMaven/net/minecraft/neoforge-21.1.209-minecraft-merged/1.21.1-loom.mappings.1_21_1.layered+hash.40359-v2-neoforge-21.1.209/neoforge-21.1.209-minecraft-merged-1.21.1-loom.mappings.1_21_1.layered+hash.40359-v2-neoforge-21.1.209.jar])]
[21:58:44] [main/INFO] (ModDiscoverer) Found mod file "neoforge-21.1.209-minecraft-merged-1.21.1-loom.mappings.1_21_1.layered+hash.40359-v2-neoforge-21.1.209.jar" [locator: neoforge devenv provider ([/home/satherov/.gradle/caches/fabric-loom/minecraftMaven/net/minecraft/neoforge-21.1.209-minecraft-merged/1.21.1-loom.mappings.1_21_1.layered+hash.40359-v2-neoforge-21.1.209/neoforge-21.1.209-minecraft-merged-1.21.1-loom.mappings.1_21_1.layered+hash.40359-v2-neoforge-21.1.209.jar])]
[21:58:44] [main/INFO] (ModDiscoverer) Found mod file "main" [locator: userdev mods and services, reader: mod manifest]
[21:58:44] [main/INFO] (ModDiscoverer) Found mod file "xaeros-minimap-263420-6778051.jar" [locator: userdev mods and services, reader: mod manifest]
[21:58:44] [main/INFO] (ModDiscoverer) Found mod file "xaeros-world-map-317780-6778114.jar" [locator: userdev mods and services, reader: mod manifest]
[21:58:44] [main/INFO] (ModDiscoverer) Found mod file "ftb-chunks-neoforge-2101.1.11.jar" [locator: userdev mods and services, reader: mod manifest]
[21:58:44] [main/INFO] (ModDiscoverer) Found mod file "ftb-teams-neoforge-2101.1.4.jar" [locator: userdev mods and services, reader: mod manifest]
[21:58:44] [main/INFO] (ModDiscoverer) Found mod file "ftb-library-neoforge-2101.1.21.jar" [locator: userdev mods and services, reader: mod manifest]
[21:58:44] [main/INFO] (ModDiscoverer) Found mod file "architectury-neoforge-13.0.8.jar" [locator: userdev mods and services, reader: mod manifest]
[21:58:44] [main/INFO] (ModDiscoverer) Found mod file "neoforge-21.1.209-minecraft-merged-1.21.1-loom.mappings.1_21_1.layered+hash.40359-v2-neoforge-21.1.209.jar" [locator: userdev mods and services, reader: mod manifest]
[21:58:44] [main/INFO] (ModDiscoverer) Found mod file "architectury-neoforge-9f5bc251-13.0.8.jar" [locator: userdev mods and services, reader: mod manifest]
[21:58:44] [main/INFO] (ModDiscoverer) Found mod file "emi-neoforge-1.1.22+1.21.1.jar" [locator: userdev mods and services, reader: mod manifest]
[21:58:44] [main/INFO] (ModDiscoverer) Found mod file "4405950214449887839.jar" [locator: userdev mods and services, reader: mod manifest]
[21:58:44] [main/INFO] (ModDiscoverer) Found gamelibrary file "mixinextras-neoforge-0.5.0.jar" [locator: userdev mods and services, reader: mod manifest]
[21:58:44] [main/WARN] (JarSelector) Attempted to select a dependency jar for JarJar which was passed in as source: library:mixinextras.neoforge. Using Mod File: /home/satherov/.gradle/caches/modules-2/files-2.1/io.github.llamalad7/mixinextras-neoforge/0.5.0/d734b83ce6542bb70ea31755c1595b88992dbe65/mixinextras-neoforge-0.5.0.jar
[21:58:44] [main/INFO] (JarInJarDependencyLocator) Found 1 dependencies adding them to mods collection
[21:58:44] [main/INFO] (ModDiscoverer) Found library file "net.neoforged.neoforge-coremods-21.1.209.jar" [parent: neoforge-21.1.209-minecraft-merged-1.21.1-loom.mappings.1_21_1.layered+hash.40359-v2-neoforge-21.1.209.jar, locator: jarinjar, reader: mod manifest]
[21:58:44] [main/INFO] (ModDiscoverer) 
     Mod List:
		Name Version (Mod Id)

		Architectury 13.0.8 (architectury)
		EMI 1.1.22+1.21.1+neoforge (emi)
		FTB Chunks 2101.1.11 (ftbchunks)
		FTB Chunks x Xaero's Map Compat 1.0.0 (ftbxaerocompat)
		FTB Library 2101.1.21 (ftblibrary)
		FTB Teams 2101.1.4 (ftbteams)
		generated_192f02b 1 (generated_192f02b)
		Minecraft 1.21.1 (minecraft)
		NeoForge 21.1.209 (neoforge)
		Xaero's Minimap 25.2.10 (xaerominimap)
		Xaero's World Map 1.39.12 (xaeroworldmap)
[21:58:44] [main/INFO] (FMLServiceProvider) Loading coremod script-engine for [xaerominimap, xaeroworldmap]
[21:58:45] [main/INFO] (mixin) Compatibility level set to JAVA_17
[21:58:45] [main/INFO] (mixin) Compatibility level set to JAVA_21
[21:58:45] [main/INFO] (LaunchServiceHandler) Launching target 'forgeclientdev' with arguments [--version, 21.1.209, --gameDir, ., --assetsDir, /home/satherov/.gradle/caches/fabric-loom/assets, --assetIndex, 1.21.1-17]
[21:58:45] [main/INFO] (unprotect) Found 8254 Minecraft classes
[21:58:45] [main/WARN] (mixin) Reference map 'xaerominimap.refmap.json' for xaerohud.mixins.json could not be read. If this is a development environment you can ignore this message
[21:58:45] [main/WARN] (mixin) Reference map 'xaerominimap.refmap.json' for xaerominimap.mixins.json could not be read. If this is a development environment you can ignore this message
[21:58:45] [main/WARN] (mixin) Reference map 'xaeroworldmap.refmap.json' for xaeroworldmap.mixins.json could not be read. If this is a development environment you can ignore this message
[21:58:45] [main/WARN] (mixin) Error loading class: mezz/jei/library/load/PluginCaller (java.lang.ClassNotFoundException: mezz.jei.library.load.PluginCaller)
[21:58:45] [main/INFO] (MixinExtras|Service) Initializing MixinExtras via com.llamalad7.mixinextras.service.MixinExtrasServiceImpl(version=0.5.0).
[02Oct2025 21:58:46.383] [Datafixer Bootstrap/INFO] [com.mojang.datafixers.DataFixerBuilder/]: 229 Datafixer optimizations took 101 milliseconds
[02Oct2025 21:58:48.550] [main/WARN] [net.minecraft.commands.Commands/]: Ambiguity between arguments [teleport, location] and [teleport, destination] with inputs: [0.1 -0.5 .9, 0 0 0]
[02Oct2025 21:58:48.551] [main/WARN] [net.minecraft.commands.Commands/]: Ambiguity between arguments [teleport, location] and [teleport, targets] with inputs: [0.1 -0.5 .9, 0 0 0]
[02Oct2025 21:58:48.552] [main/WARN] [net.minecraft.commands.Commands/]: Ambiguity between arguments [teleport, destination] and [teleport, targets] with inputs: [Player, 0123, @e, dd12be42-52a9-4a91-a8a1-11c01849e498]
[02Oct2025 21:58:48.553] [main/WARN] [net.minecraft.commands.Commands/]: Ambiguity between arguments [teleport, targets] and [teleport, destination] with inputs: [Player, 0123, dd12be42-52a9-4a91-a8a1-11c01849e498]
[02Oct2025 21:58:48.553] [main/WARN] [net.minecraft.commands.Commands/]: Ambiguity between arguments [teleport, targets, location] and [teleport, targets, destination] with inputs: [0.1 -0.5 .9, 0 0 0]
[02Oct2025 21:58:48.623] [Render thread/WARN] [net.minecraft.server.packs.VanillaPackResourcesBuilder/]: Assets URL 'union:/home/satherov/.gradle/caches/fabric-loom/minecraftMaven/net/minecraft/neoforge-21.1.209-minecraft-merged/1.21.1-loom.mappings.1_21_1.layered+hash.40359-v2-neoforge-21.1.209/neoforge-21.1.209-minecraft-merged-1.21.1-loom.mappings.1_21_1.layered+hash.40359-v2-neoforge-21.1.209.jar%23182!/assets/.mcassetsroot' uses unexpected schema
[02Oct2025 21:58:48.624] [Render thread/WARN] [net.minecraft.server.packs.VanillaPackResourcesBuilder/]: Assets URL 'union:/home/satherov/.gradle/caches/fabric-loom/minecraftMaven/net/minecraft/neoforge-21.1.209-minecraft-merged/1.21.1-loom.mappings.1_21_1.layered+hash.40359-v2-neoforge-21.1.209/neoforge-21.1.209-minecraft-merged-1.21.1-loom.mappings.1_21_1.layered+hash.40359-v2-neoforge-21.1.209.jar%23182!/data/.mcassetsroot' uses unexpected schema
[02Oct2025 21:58:48.633] [Render thread/INFO] [com.mojang.authlib.yggdrasil.YggdrasilAuthenticationService/]: Environment: Environment[sessionHost=https://sessionserver.mojang.com, servicesHost=https://api.minecraftservices.com, name=PROD]
[02Oct2025 21:58:48.637] [Render thread/INFO] [net.minecraft.client.Minecraft/]: Setting user: Dev
[02Oct2025 21:58:48.674] [Render thread/INFO] [net.minecraft.client.Minecraft/]: Backend library: LWJGL version 3.3.3+5
[02Oct2025 21:58:48.801] [modloading-worker-0/INFO] [net.neoforged.neoforge.common.NeoForgeMod/NEOFORGE-MOD]: NeoForge mod loading, version 21.1.209, for MC 1.21.1
[02Oct2025 21:58:49.246] [Render thread/INFO] [net.neoforged.neoforge.gametest.GameTestHooks/]: Enabled Gametest Namespaces: []
[02Oct2025 21:58:49.325] [Render thread/INFO] [net.minecraft.server.packs.resources.ReloadableResourceManager/]: Reloading ResourceManager: vanilla, mod_resources, mod/emi, mod/generated_192f02b, mod/xaerominimap, mod/architectury, mod/ftblibrary, mod/ftbteams, mod/ftbchunks, mod/ftbxaerocompat, mod/xaeroworldmap, mod/neoforge
[02Oct2025 21:58:49.371] [Worker-Main-15/INFO] [net.minecraft.client.gui.font.providers.UnihexProvider/]: Found unifont_all_no_pua-15.1.05.hex, loading
[02Oct2025 21:58:49.391] [Worker-Main-2/INFO] [net.minecraft.client.gui.font.providers.UnihexProvider/]: Found unifont_jp_patch-15.1.05.hex, loading
[02Oct2025 21:58:49.400] [Worker-Main-7/INFO] [xaero.minimap.XaeroMinimap/]: Loading Xaero's Minimap - Stage 1/2
[02Oct2025 21:58:49.401] [Worker-Main-8/INFO] [xaero.map.WorldMap/]: Loading Xaero's World Map - Stage 1/2
[02Oct2025 21:58:49.590] [Render thread/INFO] [xaero.minimap.XaeroMinimap/]: Loading Xaero's Minimap - Stage 2/2
[02Oct2025 21:58:49.701] [Render thread/INFO] [xaero.hud.minimap.MinimapLogs/]: Registered player tracker system: minimap_synced
[02Oct2025 21:58:49.703] [Render thread/INFO] [xaero.hud.minimap.MinimapLogs/]: Xaero's Minimap: World Map found!
[02Oct2025 21:58:49.703] [Render thread/INFO] [xaero.hud.minimap.MinimapLogs/]: No Optifine!
[02Oct2025 21:58:49.703] [Render thread/INFO] [xaero.hud.minimap.MinimapLogs/]: Xaero's Minimap: No Vivecraft!
[02Oct2025 21:58:49.703] [Render thread/INFO] [xaero.map.WorldMap/]: Loading Xaero's World Map - Stage 2/2
[02Oct2025 21:58:49.706] [Render thread/INFO] [xaero.map.WorldMap/]: New world map region cache hash code: 1817031164
[02Oct2025 21:58:49.706] [Render thread/INFO] [xaero.map.WorldMap/]: Registered player tracker system: map_synced
[02Oct2025 21:58:49.707] [Render thread/INFO] [xaero.map.WorldMap/]: Xaero's WorldMap Mod: Xaero's minimap found!
[02Oct2025 21:58:49.709] [Render thread/INFO] [xaero.map.WorldMap/]: Registered player tracker system: minimap_synced
[02Oct2025 21:58:49.709] [Render thread/INFO] [xaero.map.WorldMap/]: No Optifine!
[02Oct2025 21:58:49.709] [Render thread/INFO] [xaero.map.WorldMap/]: Xaero's World Map: No Vivecraft!
[02Oct2025 21:58:50.019] [Render thread/WARN] [net.minecraft.client.sounds.SoundEngine/]: Missing sound for event: minecraft:item.goat_horn.play
[02Oct2025 21:58:50.020] [Render thread/WARN] [net.minecraft.client.sounds.SoundEngine/]: Missing sound for event: minecraft:entity.goat.screaming.horn_break
[02Oct2025 21:58:50.050] [Render thread/INFO] [com.mojang.blaze3d.audio.Library/]: OpenAL initialized on device USB Audio Speakers
[02Oct2025 21:58:50.050] [Render thread/INFO] [net.minecraft.client.sounds.SoundEngine/SOUNDS]: Sound engine started
[02Oct2025 21:58:50.108] [Render thread/INFO] [net.minecraft.client.renderer.texture.TextureAtlas/]: Created: 1024x512x4 minecraft:textures/atlas/blocks.png-atlas
[02Oct2025 21:58:50.128] [Render thread/INFO] [net.minecraft.client.renderer.texture.TextureAtlas/]: Created: 256x256x4 minecraft:textures/atlas/signs.png-atlas
[02Oct2025 21:58:50.129] [Render thread/INFO] [net.minecraft.client.renderer.texture.TextureAtlas/]: Created: 512x512x4 minecraft:textures/atlas/shield_patterns.png-atlas
[02Oct2025 21:58:50.130] [Render thread/INFO] [net.minecraft.client.renderer.texture.TextureAtlas/]: Created: 512x512x4 minecraft:textures/atlas/banner_patterns.png-atlas
[02Oct2025 21:58:50.131] [Render thread/INFO] [net.minecraft.client.renderer.texture.TextureAtlas/]: Created: 1024x1024x4 minecraft:textures/atlas/armor_trims.png-atlas
[02Oct2025 21:58:50.136] [Render thread/INFO] [net.minecraft.client.renderer.texture.TextureAtlas/]: Created: 256x256x4 minecraft:textures/atlas/chest.png-atlas
[02Oct2025 21:58:50.137] [Render thread/INFO] [net.minecraft.client.renderer.texture.TextureAtlas/]: Created: 128x64x4 minecraft:textures/atlas/decorated_pot.png-atlas
[02Oct2025 21:58:50.137] [Render thread/INFO] [net.minecraft.client.renderer.texture.TextureAtlas/]: Created: 512x256x4 minecraft:textures/atlas/beds.png-atlas
[02Oct2025 21:58:50.138] [Render thread/INFO] [net.minecraft.client.renderer.texture.TextureAtlas/]: Created: 512x256x4 minecraft:textures/atlas/shulker_boxes.png-atlas
[02Oct2025 21:58:50.223] [Render thread/INFO] [net.minecraft.client.renderer.texture.TextureAtlas/]: Created: 512x256x0 minecraft:textures/atlas/particles.png-atlas
[02Oct2025 21:58:50.224] [Render thread/INFO] [net.minecraft.client.renderer.texture.TextureAtlas/]: Created: 512x256x0 minecraft:textures/atlas/paintings.png-atlas
[02Oct2025 21:58:50.224] [Render thread/INFO] [net.minecraft.client.renderer.texture.TextureAtlas/]: Created: 256x128x0 minecraft:textures/atlas/mob_effects.png-atlas
[02Oct2025 21:58:50.225] [Render thread/INFO] [net.minecraft.client.renderer.texture.TextureAtlas/]: Created: 64x64x0 minecraft:textures/atlas/map_decorations.png-atlas
[02Oct2025 21:58:50.225] [Render thread/INFO] [net.minecraft.client.renderer.texture.TextureAtlas/]: Created: 1024x512x0 minecraft:textures/atlas/gui.png-atlas
[02Oct2025 21:58:50.236] [Render thread/WARN] [net.minecraft.client.renderer.ShaderInstance/]: Shader rendertype_entity_translucent_emissive could not find sampler named Sampler2 in the specified shader program.
[02Oct2025 21:58:50.257] [Render thread/INFO] [xaero.hud.minimap.MinimapLogs/]: Successfully reloaded the minimap shaders!
[02Oct2025 21:58:50.258] [Render thread/INFO] [xaero.map.WorldMap/]: Successfully reloaded the world map shaders!
[02Oct2025 21:58:50.258] [Render thread/INFO] [net.neoforged.neoforge.client.entity.animation.json.AnimationLoader/]: Loaded 0 entity animations
[02Oct2025 21:58:53.103] [Render thread/WARN] [net.neoforged.neoforge.common.CommonHooks/WP]: The following mods have version differences that were not resolved:
generated_0da764f (version 1 -> MISSING)
Things may not work well.
[02Oct2025 21:58:53.461] [Render thread/INFO] [net.minecraft.world.item.crafting.RecipeManager/]: Loaded 1290 recipes
[02Oct2025 21:58:53.523] [Render thread/INFO] [net.minecraft.advancements.AdvancementTree/]: Loaded 1399 advancements
[02Oct2025 21:58:53.762] [Render thread/INFO] [EMI/]: [EMI] Recipes synchronized, waiting for tags to reload EMI...
[02Oct2025 21:58:53.803] [Server thread/INFO] [net.minecraft.client.server.IntegratedServer/]: Starting integrated minecraft server version 1.21.1
[02Oct2025 21:58:53.803] [Server thread/INFO] [net.minecraft.server.MinecraftServer/]: Generating keypair
[02Oct2025 21:58:53.850] [Server thread/INFO] [FTB Teams/]: loaded team data: 1 known players, 1 teams total
[02Oct2025 21:58:54.328] [Server thread/INFO] [net.minecraft.server.MinecraftServer/]: Preparing start region for dimension minecraft:overworld
[02Oct2025 21:58:54.453] [progressListener/INFO] [net.minecraft.server.level.progress.LoggerChunkProgressListener/]: Preparing spawn area: 0%
[02Oct2025 21:58:54.494] [Server thread/INFO] [net.neoforged.neoforge.server.permission.PermissionAPI/]: Successfully initialized permission handler neoforge:default_handler
[02Oct2025 21:58:54.494] [Server thread/INFO] [xaero.hud.minimap.MinimapLogs/]: Registered synced player tracker system: ftb_teams
[02Oct2025 21:58:54.495] [Server thread/INFO] [xaero.map.WorldMap/]: Registered synced player tracker system: ftb_teams
[02Oct2025 21:58:54.507] [progressListener/INFO] [net.minecraft.server.level.progress.LoggerChunkProgressListener/]: Time elapsed: 171 ms
[02Oct2025 21:58:54.531] [Server thread/INFO] [net.minecraft.client.server.IntegratedServer/]: Changing view distance to 12, from 10
[02Oct2025 21:58:54.531] [Server thread/INFO] [net.minecraft.client.server.IntegratedServer/]: Changing simulation distance to 12, from 0
[02Oct2025 21:58:54.768] [Render thread/INFO] [EMI/]: [EMI] Recipes synchronized, waiting for tags to reload EMI...
[02Oct2025 21:58:54.864] [Server thread/INFO] [net.minecraft.server.players.PlayerList/]: Dev[local:E:686daf25] logged in with entity id 87 at (-70.5, 77.0, -88.5)
[02Oct2025 21:58:54.898] [Server thread/INFO] [net.minecraft.server.MinecraftServer/]: Dev joined the game
[02Oct2025 21:58:54.900] [Render thread/INFO] [xaero.hud.minimap.MinimapLogs/]: New Xaero hud session initialized!
[02Oct2025 21:58:54.910] [Render thread/INFO] [dev.satherov.ftbxaerocompat.FTBXaeroCompat/]: Registering FTB x Xaero highlighter
[02Oct2025 21:58:54.922] [Render thread/INFO] [xaero.map.WorldMap/]: New world map session initialized!
[02Oct2025 21:58:55.146] [Render thread/INFO] [EMI/]: [EMI] Tags synchronized, reloading EMI
[02Oct2025 21:58:55.146] [Render thread/INFO] [EMI/]: [EMI] Starting Reload
[02Oct2025 21:58:55.147] [Thread-15/INFO] [EMI/]: [EMI] Starting EMI reload...
[02Oct2025 21:58:55.148] [Thread-15/INFO] [EMI/]: [EMI] Clearing data
[02Oct2025 21:58:55.156] [Render thread/INFO] [xaero.hud.minimap.MinimapLogs/]: Minimap updated server level id: 1990777999 for world ResourceKey[minecraft:dimension / minecraft:overworld]
[02Oct2025 21:58:55.162] [Render thread/INFO] [FTB Library/]: received server config settings for config: ftbchunks-world
[02Oct2025 21:58:55.162] [Render thread/INFO] [FTB Library/]: config has been updated! server = false - clear any cached data etc. here
[02Oct2025 21:58:55.162] [Render thread/INFO] [FTB Library/]: received server config settings for config: ftblibrary-server
[02Oct2025 21:58:55.164] [Thread-15/INFO] [EMI/]: [EMI] Initializing plugin from emi
[02Oct2025 21:58:55.169] [Thread-15/INFO] [EMI/]: [EMI] Initialized plugin from emi in 5ms
[02Oct2025 21:58:55.169] [Thread-15/INFO] [EMI/]: [EMI] Initializing plugin from ftblibrary
[02Oct2025 21:58:55.174] [Render thread/INFO] [FTB Chunks/]: Loading FTB Chunks client data from world 1c900c7f-6310-4904-bde0-075d84c59e1e
[02Oct2025 21:58:55.176] [Thread-15/INFO] [EMI/]: [EMI] Initialized plugin from ftblibrary in 7ms
[02Oct2025 21:58:55.176] [Thread-15/INFO] [EMI/]: [EMI] Processing tags
[02Oct2025 21:58:55.176] [Render thread/INFO] [net.minecraft.advancements.AdvancementTree/]: Loaded 2 advancements
[02Oct2025 21:58:55.188] [Thread-15/INFO] [EMI/]: [EMI] Constructing index
[02Oct2025 21:58:55.190] [Thread-15/INFO] [EMI/]: [EMI] Reloading item groups on client thread...
[02Oct2025 21:58:55.255] [Thread-15/INFO] [EMI/]: [EMI] Reloading item groups on client thread took 65ms
[02Oct2025 21:58:55.260] [Thread-15/INFO] [EMI/]: [EMI] Loading plugin from emi
[02Oct2025 21:58:55.347] [Thread-15/INFO] [EMI/]: [EMI] Reloaded plugin from emi in 86ms
[02Oct2025 21:58:55.347] [Thread-15/INFO] [EMI/]: [EMI] Loading plugin from ftblibrary
[02Oct2025 21:58:55.348] [Thread-15/INFO] [EMI/]: [EMI] Reloaded plugin from ftblibrary in 1ms
[02Oct2025 21:58:55.348] [Thread-15/INFO] [EMI/]: [EMI] Baking index
[02Oct2025 21:58:55.360] [Thread-15/INFO] [EMI/]: [EMI] Registering late recipes
[02Oct2025 21:58:55.360] [Thread-15/INFO] [EMI/]: [EMI] Baking recipes
[02Oct2025 21:58:55.403] [Thread-15/INFO] [EMI/]: [EMI] Baked 3264 recipes in 42ms
[02Oct2025 21:58:55.405] [Thread-15/INFO] [EMI/]: [EMI] Baking search
[02Oct2025 21:58:55.428] [Thread-20/INFO] [EMI/]: [EMI] Baked recipes after reload in 26ms
[02Oct2025 21:58:55.438] [Render thread/INFO] [xaero.hud.minimap.MinimapLogs/]: Reloading radar icon resources...
[02Oct2025 21:58:55.451] [Render thread/INFO] [xaero.hud.minimap.MinimapLogs/]: Reloaded radar icon resources!
[02Oct2025 21:58:55.520] [Thread-15/INFO] [EMI/]: [EMI] Finishing up
[02Oct2025 21:58:55.533] [Thread-15/INFO] [EMI/]: [EMI] Reloaded EMI in 385ms
[02Oct2025 21:59:05.347] [Server thread/INFO] [net.minecraft.client.server.IntegratedServer/]: Saving and pausing game...
[02Oct2025 21:59:05.362] [Server thread/INFO] [net.minecraft.server.MinecraftServer/]: Saving chunks for level 'ServerLevel[New World]'/minecraft:overworld
[02Oct2025 21:59:05.374] [Server thread/INFO] [net.minecraft.server.MinecraftServer/]: Saving chunks for level 'ServerLevel[New World]'/minecraft:the_nether
[02Oct2025 21:59:05.374] [Server thread/INFO] [net.minecraft.server.MinecraftServer/]: Saving chunks for level 'ServerLevel[New World]'/minecraft:the_end
[02Oct2025 21:59:11.897] [Server thread/INFO] [net.minecraft.client.server.IntegratedServer/]: Saving and pausing game...
[02Oct2025 21:59:11.909] [Server thread/INFO] [net.minecraft.server.MinecraftServer/]: Saving chunks for level 'ServerLevel[New World]'/minecraft:overworld
[02Oct2025 21:59:11.943] [Server thread/INFO] [net.minecraft.server.MinecraftServer/]: Saving chunks for level 'ServerLevel[New World]'/minecraft:the_nether
[02Oct2025 21:59:11.943] [Server thread/INFO] [net.minecraft.server.MinecraftServer/]: Saving chunks for level 'ServerLevel[New World]'/minecraft:the_end
[02Oct2025 21:59:13.947] [Server thread/INFO] [net.minecraft.client.server.IntegratedServer/]: Saving and pausing game...
[02Oct2025 21:59:13.958] [Server thread/INFO] [net.minecraft.server.MinecraftServer/]: Saving chunks for level 'ServerLevel[New World]'/minecraft:overworld
[02Oct2025 21:59:13.973] [Server thread/INFO] [net.minecraft.server.MinecraftServer/]: Saving chunks for level 'ServerLevel[New World]'/minecraft:the_nether
[02Oct2025 21:59:13.973] [Server thread/INFO] [net.minecraft.server.MinecraftServer/]: Saving chunks for level 'ServerLevel[New World]'/minecraft:the_end
[02Oct2025 21:59:18.697] [Server thread/INFO] [net.minecraft.client.server.IntegratedServer/]: Saving and pausing game...
[02Oct2025 21:59:18.708] [Server thread/INFO] [net.minecraft.server.MinecraftServer/]: Saving chunks for level 'ServerLevel[New World]'/minecraft:overworld
[02Oct2025 21:59:18.711] [Server thread/INFO] [net.minecraft.server.MinecraftServer/]: Saving chunks for level 'ServerLevel[New World]'/minecraft:the_nether
[02Oct2025 21:59:18.711] [Server thread/INFO] [net.minecraft.server.MinecraftServer/]: Saving chunks for level 'ServerLevel[New World]'/minecraft:the_end
[02Oct2025 21:59:39.097] [Server thread/INFO] [net.minecraft.client.server.IntegratedServer/]: Saving and pausing game...
[02Oct2025 21:59:39.107] [Server thread/INFO] [net.minecraft.server.MinecraftServer/]: Saving chunks for level 'ServerLevel[New World]'/minecraft:overworld
[02Oct2025 21:59:39.169] [Server thread/INFO] [net.minecraft.server.MinecraftServer/]: Saving chunks for level 'ServerLevel[New World]'/minecraft:the_nether
[02Oct2025 21:59:39.170] [Server thread/INFO] [net.minecraft.server.MinecraftServer/]: Saving chunks for level 'ServerLevel[New World]'/minecraft:the_end
[02Oct2025 22:00:33.297] [Server thread/INFO] [net.minecraft.client.server.IntegratedServer/]: Saving and pausing game...
[02Oct2025 22:00:33.309] [Server thread/INFO] [net.minecraft.server.MinecraftServer/]: Saving chunks for level 'ServerLevel[New World]'/minecraft:overworld
[02Oct2025 22:00:33.312] [Server thread/INFO] [net.minecraft.server.MinecraftServer/]: Saving chunks for level 'ServerLevel[New World]'/minecraft:the_nether
[02Oct2025 22:00:33.312] [Server thread/INFO] [net.minecraft.server.MinecraftServer/]: Saving chunks for level 'ServerLevel[New World]'/minecraft:the_end
[02Oct2025 22:01:29.047] [Server thread/INFO] [net.minecraft.client.server.IntegratedServer/]: Saving and pausing game...
[02Oct2025 22:01:29.070] [Server thread/INFO] [net.minecraft.server.MinecraftServer/]: Saving chunks for level 'ServerLevel[New World]'/minecraft:overworld
[02Oct2025 22:01:29.072] [Server thread/INFO] [net.minecraft.server.MinecraftServer/]: Saving chunks for level 'ServerLevel[New World]'/minecraft:the_nether
[02Oct2025 22:01:29.073] [Server thread/INFO] [net.minecraft.server.MinecraftServer/]: Saving chunks for level 'ServerLevel[New World]'/minecraft:the_end
[02Oct2025 22:09:41.010] [Render thread/INFO] [net.minecraft.client.Minecraft/]: Stopping!
[02Oct2025 22:09:41.011] [Render thread/INFO] [xaero.hud.minimap.MinimapLogs/]: Xaero hud session finalized.
[02Oct2025 22:09:41.011] [Render thread/INFO] [xaero.map.WorldMap/]: Finalizing world map session...
[02Oct2025 22:09:41.052] [Thread-6/INFO] [xaero.map.WorldMap/]: World map cleaned normally!
[02Oct2025 22:09:41.112] [Render thread/INFO] [xaero.map.WorldMap/]: World map session finalized.
[02Oct2025 22:09:41.241] [Server thread/INFO] [net.minecraft.server.network.ServerGamePacketListenerImpl/]: Dev lost connection: Disconnected
[02Oct2025 22:09:41.241] [Server thread/INFO] [net.minecraft.server.MinecraftServer/]: Dev left the game
[02Oct2025 22:09:41.260] [Server thread/INFO] [net.minecraft.server.network.ServerCommonPacketListenerImpl/]: Stopping singleplayer server as player logged out
[02Oct2025 22:09:41.282] [Server thread/INFO] [net.minecraft.server.MinecraftServer/]: Stopping server
[02Oct2025 22:09:41.282] [Server thread/INFO] [net.minecraft.server.MinecraftServer/]: Saving players
[02Oct2025 22:09:41.283] [Server thread/INFO] [net.minecraft.server.MinecraftServer/]: Saving worlds
[02Oct2025 22:09:41.798] [Server thread/INFO] [net.minecraft.server.MinecraftServer/]: Saving chunks for level 'ServerLevel[New World]'/minecraft:overworld
[02Oct2025 22:09:41.909] [Server thread/INFO] [net.minecraft.server.MinecraftServer/]: Saving chunks for level 'ServerLevel[New World]'/minecraft:the_nether
[02Oct2025 22:09:41.914] [Server thread/INFO] [net.minecraft.server.MinecraftServer/]: Saving chunks for level 'ServerLevel[New World]'/minecraft:the_end
[02Oct2025 22:09:41.942] [Server thread/INFO] [net.minecraft.server.MinecraftServer/]: ThreadedAnvilChunkStorage (New World): All chunks are saved
[02Oct2025 22:09:41.942] [Server thread/INFO] [net.minecraft.server.MinecraftServer/]: ThreadedAnvilChunkStorage (DIM-1): All chunks are saved
[02Oct2025 22:09:41.943] [Server thread/INFO] [net.minecraft.server.MinecraftServer/]: ThreadedAnvilChunkStorage (DIM1): All chunks are saved
[02Oct2025 22:09:41.943] [Server thread/INFO] [net.minecraft.server.MinecraftServer/]: ThreadedAnvilChunkStorage: All dimensions are saved
[02Oct2025 22:09:42.113] [Render thread/INFO] [FTB Chunks/]: Shutting down map thread
